[    0.000000] Initializing cgroup subsys cpuset
[    0.000000] Initializing cgroup subsys cpu
[    0.000000] Initializing cgroup subsys cpuacct
[    0.000000] Linux version 4.4.0-75-generic (buildd@lcy01-04) (gcc version 5.4.0 20160609 (Ubuntu 5.4.0-6ubuntu1~16.04.4) ) #96-Ubuntu SMP Thu Apr 20 09:55:15 UTC 2017 (Ubuntu 4.4.0-75.96-generic 4.4.59)
[    0.000000] KERNEL supported cpus:
[    0.000000]   Intel GenuineIntel
[    0.000000]   AMD AuthenticAMD
[    0.000000]   NSC Geode by NSC
[    0.000000]   Cyrix CyrixInstead
[    0.000000]   Centaur CentaurHauls
[    0.000000]   Transmeta GenuineTMx86
[    0.000000]   Transmeta TransmetaCPU
[    0.000000]   UMC UMC UMC UMC
[    0.000000] x86/fpu: xstate_offset[2]:  576, xstate_sizes[2]:  256
[    0.000000] x86/fpu: Supporting XSAVE feature 0x01: 'x87 floating point registers'
[    0.000000] x86/fpu: Supporting XSAVE feature 0x02: 'SSE registers'
[    0.000000] x86/fpu: Supporting XSAVE feature 0x04: 'AVX registers'
[    0.000000] x86/fpu: Enabled xstate features 0x7, context size is 832 bytes, using 'standard' format.
[    0.000000] x86/fpu: Using 'lazy' FPU context switches.
[    0.000000] e820: BIOS-provided physical RAM map:
[    0.000000] BIOS-e820: [mem 0x0000000000000000-0x000000000009fbff] usable
[    0.000000] BIOS-e820: [mem 0x000000000009fc00-0x000000000009ffff] reserved
[    0.000000] BIOS-e820: [mem 0x00000000000f0000-0x00000000000fffff] reserved
[    0.000000] BIOS-e820: [mem 0x0000000000100000-0x000000003ffeffff] usable
[    0.000000] BIOS-e820: [mem 0x000000003fff0000-0x000000003fffffff] ACPI data
[    0.000000] BIOS-e820: [mem 0x00000000fec00000-0x00000000fec00fff] reserved
[    0.000000] BIOS-e820: [mem 0x00000000fee00000-0x00000000fee00fff] reserved
[    0.000000] BIOS-e820: [mem 0x00000000fffc0000-0x00000000ffffffff] reserved
[    0.000000] NX (Execute Disable) protection: active
[    0.000000] SMBIOS 2.5 present.
[    0.000000] Hypervisor detected: KVM
[    0.000000] e820: last_pfn = 0x3fff0 max_arch_pfn = 0x1000000
[    0.000000] MTRR: Disabled
[    0.000000] x86/PAT: MTRRs disabled, skipping PAT initialization too.
[    0.000000] x86/PAT: Configuration [0-7]: WB  WT  UC- UC  WB  WT  UC- UC  
[    0.000000] CPU MTRRs all blank - virtualized system.
[    0.000000] found SMP MP-table at [mem 0x0009fff0-0x0009ffff] mapped at [c009fff0]
[    0.000000] Scanning 1 areas for low memory corruption
[    0.000000] RAMDISK: [mem 0x3635a000-0x371a4fff]
[    0.000000] ACPI: Early table checksum verification disabled
[    0.000000] ACPI: RSDP 0x00000000000E0000 000024 (v02 VBOX  )
[    0.000000] ACPI: XSDT 0x000000003FFF0030 00003C (v01 VBOX   VBOXXSDT 00000001 ASL  00000061)
[    0.000000] ACPI: FACP 0x000000003FFF00F0 0000F4 (v04 VBOX   VBOXFACP 00000001 ASL  00000061)
[    0.000000] ACPI: DSDT 0x000000003FFF0470 0021C8 (v02 VBOX   VBOXBIOS 00000002 INTL 20100528)
[    0.000000] ACPI: FACS 0x000000003FFF0200 000040
[    0.000000] ACPI: FACS 0x000000003FFF0200 000040
[    0.000000] ACPI: APIC 0x000000003FFF0240 00005C (v02 VBOX   VBOXAPIC 00000001 ASL  00000061)
[    0.000000] ACPI: SSDT 0x000000003FFF02A0 0001CC (v01 VBOX   VBOXCPUT 00000002 INTL 20100528)
[    0.000000] 131MB HIGHMEM available.
[    0.000000] 891MB LOWMEM available.
[    0.000000]   mapped low ram: 0 - 37bfe000
[    0.000000]   low ram: 0 - 37bfe000
[    0.000000] kvm-clock: Using msrs 4b564d01 and 4b564d00
[    0.000000] kvm-clock: cpu 0, msr 0:37bfd001, primary cpu clock
[    0.000000] kvm-clock: using sched offset of 4086566083 cycles
[    0.000000] clocksource: kvm-clock: mask: 0xffffffffffffffff max_cycles: 0x1cd42e4dffb, max_idle_ns: 881590591483 ns
[    0.000000] Zone ranges:
[    0.000000]   DMA      [mem 0x0000000000001000-0x0000000000ffffff]
[    0.000000]   Normal   [mem 0x0000000001000000-0x0000000037bfdfff]
[    0.000000]   HighMem  [mem 0x0000000037bfe000-0x000000003ffeffff]
[    0.000000] Movable zone start for each node
[    0.000000] Early memory node ranges
[    0.000000]   node   0: [mem 0x0000000000001000-0x000000000009efff]
[    0.000000]   node   0: [mem 0x0000000000100000-0x000000003ffeffff]
[    0.000000] Initmem setup node 0 [mem 0x0000000000001000-0x000000003ffeffff]
[    0.000000] Using APIC driver default
[    0.000000] ACPI: PM-Timer IO Port: 0x4008
[    0.000000] IOAPIC[0]: apic_id 2, version 32, address 0xfec00000, GSI 0-23
[    0.000000] ACPI: INT_SRC_OVR (bus 0 bus_irq 0 global_irq 2 dfl dfl)
[    0.000000] ACPI: INT_SRC_OVR (bus 0 bus_irq 9 global_irq 9 high level)
[    0.000000] Using ACPI (MADT) for SMP configuration information
[    0.000000] smpboot: Allowing 2 CPUs, 0 hotplug CPUs
[    0.000000] PM: Registered nosave memory: [mem 0x00000000-0x00000fff]
[    0.000000] PM: Registered nosave memory: [mem 0x0009f000-0x0009ffff]
[    0.000000] PM: Registered nosave memory: [mem 0x000a0000-0x000effff]
[    0.000000] PM: Registered nosave memory: [mem 0x000f0000-0x000fffff]
[    0.000000] e820: [mem 0x40000000-0xfebfffff] available for PCI devices
[    0.000000] Booting paravirtualized kernel on KVM
[    0.000000] clocksource: refined-jiffies: mask: 0xffffffff max_cycles: 0xffffffff, max_idle_ns: 7645519600211568 ns
[    0.000000] setup_percpu: NR_CPUS:8 nr_cpumask_bits:8 nr_cpu_ids:2 nr_node_ids:1
[    0.000000] PERCPU: Embedded 19 pages/cpu @f71b0000 s47436 r0 d30388 u77824
[    0.000000] PV qspinlock hash table entries: 512 (order: 0, 4096 bytes)
[    0.000000] Built 1 zonelists in Zone order, mobility grouping on.  Total pages: 259800
[    0.000000] Kernel command line: BOOT_IMAGE=/boot/vmlinuz-4.4.0-75-generic root=UUID=737029b6-9857-438e-8742-0eda2b7dca07 ro console=tty1 console=ttyS0
[    0.000000] PID hash table entries: 4096 (order: 2, 16384 bytes)
[    0.000000] Dentry cache hash table entries: 131072 (order: 7, 524288 bytes)
[    0.000000] Inode-cache hash table entries: 65536 (order: 6, 262144 bytes)
[    0.000000] Initializing CPU#0
[    0.000000] Initializing HighMem for node 0 (00037bfe:0003fff0)
[    0.000000] Initializing Movable for node 0 (00000000:00000000)
[    0.000000] Memory: 1008332K/1048120K available (7928K kernel code, 770K rwdata, 3164K rodata, 940K init, 800K bss, 39788K reserved, 0K cma-reserved, 135112K highmem)
[    0.000000] virtual kernel memory layout:
[    0.000000]     fixmap  : 0xfff15000 - 0xfffff000   ( 936 kB)
[    0.000000]     pkmap   : 0xffc00000 - 0xffe00000   (2048 kB)
[    0.000000]     vmalloc : 0xf83fe000 - 0xffbfe000   ( 120 MB)
[    0.000000]     lowmem  : 0xc0000000 - 0xf7bfe000   ( 891 MB)
[    0.000000]       .init : 0xc1b99000 - 0xc1c84000   ( 940 kB)
[    0.000000]       .data : 0xc17be50b - 0xc1b97b40   (3941 kB)
[    0.000000]       .text : 0xc1000000 - 0xc17be50b   (7929 kB)
[    0.000000] Checking if this processor honours the WP bit even in supervisor mode...Ok.
[    0.000000] SLUB: HWalign=64, Order=0-3, MinObjects=0, CPUs=2, Nodes=1
[    0.000000] Hierarchical RCU implementation.
[    0.000000] 	Build-time adjustment of leaf fanout to 32.
[    0.000000] 	RCU restricting CPUs from NR_CPUS=8 to nr_cpu_ids=2.
[    0.000000] RCU: Adjusting geometry for rcu_fanout_leaf=32, nr_cpu_ids=2
[    0.000000] NR_IRQS:2304 nr_irqs:440 16
[    0.000000] Console: colour VGA+ 80x25
[    0.000000] console [tty1] enabled
[    0.000000] console [ttyS0] enabled
[    0.000000] allocated 1048576 bytes of page_ext
[    0.000000] tsc: Detected 2394.458 MHz processor
[    1.811115] Calibrating delay loop (skipped) preset value.. 4788.91 BogoMIPS (lpj=9577832)
[    1.826949] pid_max: default: 32768 minimum: 301
[    1.835547] ACPI: Core revision 20150930
[    1.840999] ACPI: 2 ACPI AML tables successfully acquired and loaded
[    1.851959] Security Framework initialized
[    1.855323] Yama: becoming mindful.
[    1.859034] AppArmor: AppArmor initialized
[    1.860212] Mount-cache hash table entries: 2048 (order: 1, 8192 bytes)
[    1.878748] Mountpoint-cache hash table entries: 2048 (order: 1, 8192 bytes)
[    1.901345] Initializing cgroup subsys io
[    1.937895] Initializing cgroup subsys memory
[    1.944308] Initializing cgroup subsys devices
[    1.983611] Initializing cgroup subsys freezer
[    2.003221] Initializing cgroup subsys net_cls
[    2.014393] Initializing cgroup subsys perf_event
[    2.032310] Initializing cgroup subsys net_prio
[    2.041870] Initializing cgroup subsys hugetlb
[    2.048727] Initializing cgroup subsys pids
[    2.052705] CPU: Physical Processor ID: 0
[    2.057319] CPU: Processor Core ID: 0
[    2.060260] mce: CPU supports 0 MCE banks
[    2.084563] Last level iTLB entries: 4KB 1024, 2MB 1024, 4MB 1024
[    2.094937] Last level dTLB entries: 4KB 1024, 2MB 1024, 4MB 1024, 1GB 4
[    2.105520] Freeing SMP alternatives memory: 28K (c1c84000 - c1c8b000)
[    2.128962] ftrace: allocating 31398 entries in 62 pages
[    2.199077] smpboot: APIC(0) Converting physical 0 to logical package 0
[    2.202645] smpboot: Max logical packages: 1
[    2.210443] Enabling APIC mode:  Flat.  Using 1 I/O APICs
[    2.217569] ..TIMER: vector=0x30 apic1=0 pin1=2 apic2=-1 pin2=-1
[    2.333548] APIC calibration not consistent with PM-Timer: 104ms instead of 100ms
[    2.345098] APIC delta adjusted to PM-Timer: 6249919 (6502847)
[    2.346333] smpboot: CPU0: Intel(R) Core(TM) i7-4500U CPU @ 1.80GHz (family: 0x6, model: 0x45, stepping: 0x1)
[    2.377682] Performance Events: unsupported p6 CPU model 69 no PMU driver, software events only.
[    2.381979] KVM setup paravirtual spinlock
[    2.423369] x86: Booting SMP configuration:
[    2.448472] .... node  #0, CPUs:      #1
[1266874885.622985] Initializing CPU#1
[    2.463657] kvm-clock: cpu 1, msr 0:37bfd041, secondary cpu clock
[    2.489043] mce: CPU supports 0 MCE banks
[    2.505920] x86: Booted up 1 node, 2 CPUs
[    2.515713] smpboot: Total of 2 processors activated (9577.83 BogoMIPS)
[    2.585523] devtmpfs: initialized
[    2.606066] evm: security.selinux
[    2.612192] evm: security.SMACK64
[    2.615230] evm: security.SMACK64EXEC
[    2.616657] evm: security.SMACK64TRANSMUTE
[    2.620130] evm: security.SMACK64MMAP
[    2.624669] evm: security.ima
[    2.630892] evm: security.capability
[    2.635444] clocksource: jiffies: mask: 0xffffffff max_cycles: 0xffffffff, max_idle_ns: 7645041785100000 ns
[    2.644013] futex hash table entries: 512 (order: 3, 32768 bytes)
[    2.651125] pinctrl core: initialized pinctrl subsystem
[    2.653191] RTC time: 23:56:33, date: 05/07/17
[    2.657752] NET: Registered protocol family 16
[    2.660652] EISA bus registered
[    2.675170] cpuidle: using governor ladder
[    2.707207] cpuidle: using governor menu
[    2.713368] PCCT header not found.
[    2.715817] ACPI: bus type PCI registered
[    2.728397] acpiphp: ACPI Hot Plug PCI Controller Driver version: 0.5
[    2.732475] PCI : PCI BIOS area is rw and x. Use pci=nobios if you want it NX.
[    2.750594] PCI: PCI BIOS revision 2.10 entry at 0xfda26, last bus=0
[    2.758550] PCI: Using configuration type 1 for base access
[    2.771781] ACPI: Added _OSI(Module Device)
[    2.776555] ACPI: Added _OSI(Processor Device)
[    2.777987] ACPI: Added _OSI(3.0 _SCP Extensions)
[    2.780436] ACPI: Added _OSI(Processor Aggregator Device)
[    2.784289] ACPI: Executed 1 blocks of module-level executable AML code
[    2.801421] ACPI: Interpreter enabled
[    2.806606] ACPI: (supports S0 S5)
[    2.810172] ACPI: Using IOAPIC for interrupt routing
[    2.816510] PCI: Using host bridge windows from ACPI; if necessary, use "pci=nocrs" and report a bug
[    2.840578] ACPI: PCI Root Bridge [PCI0] (domain 0000 [bus 00-ff])
[    2.843758] acpi PNP0A03:00: _OSC: OS supports [ASPM ClockPM Segments MSI]
[    2.848940] acpi PNP0A03:00: _OSC failed (AE_NOT_FOUND); disabling ASPM
[    2.850546] acpi PNP0A03:00: fail to add MMCONFIG information, can't access extended PCI configuration space under this bridge.
[    2.860958] PCI host bridge to bus 0000:00
[    2.870988] pci_bus 0000:00: root bus resource [io  0x0000-0x0cf7 window]
[    2.872538] pci_bus 0000:00: root bus resource [io  0x0d00-0xffff window]
[    2.874098] pci_bus 0000:00: root bus resource [mem 0x000a0000-0x000bffff window]
[    2.879392] pci_bus 0000:00: root bus resource [mem 0x40000000-0xffdfffff window]
[    2.893137] pci_bus 0000:00: root bus resource [bus 00-ff]
[    2.897049] pci 0000:00:01.1: legacy IDE quirk: reg 0x10: [io  0x01f0-0x01f7]
[    2.900432] pci 0000:00:01.1: legacy IDE quirk: reg 0x14: [io  0x03f6]
[    2.901990] pci 0000:00:01.1: legacy IDE quirk: reg 0x18: [io  0x0170-0x0177]
[    2.905029] pci 0000:00:01.1: legacy IDE quirk: reg 0x1c: [io  0x0376]
[    2.931453] pci 0000:00:07.0: quirk: [io  0x4000-0x403f] claimed by PIIX4 ACPI
[    2.941844] pci 0000:00:07.0: quirk: [io  0x4100-0x410f] claimed by PIIX4 SMB
[    2.951894] ACPI: PCI Interrupt Link [LNKA] (IRQs 5 9 10 *11)
[    2.956243] ACPI: PCI Interrupt Link [LNKB] (IRQs 5 9 10 *11)
[    2.958439] ACPI: PCI Interrupt Link [LNKC] (IRQs 5 9 *10 11)
[    2.960573] ACPI: PCI Interrupt Link [LNKD] (IRQs 5 *9 10 11)
[    2.969671] ACPI: Enabled 2 GPEs in block 00 to 07
[    2.971589] vgaarb: setting as boot device: PCI:0000:00:02.0
[    2.972981] vgaarb: device added: PCI:0000:00:02.0,decodes=io+mem,owns=io+mem,locks=none
[    2.975074] vgaarb: loaded
[    2.975936] vgaarb: bridge control possible 0000:00:02.0
[    2.980801] SCSI subsystem initialized
[    2.985293] ACPI: bus type USB registered
[    2.989945] usbcore: registered new interface driver usbfs
[    3.012158] usbcore: registered new interface driver hub
[    3.013542] usbcore: registered new device driver usb
[    3.015444] PCI: Using ACPI for IRQ routing
[    3.024521] NetLabel: Initializing
[    3.025504] NetLabel:  domain hash size = 128
[    3.026649] NetLabel:  protocols = UNLABELED CIPSOv4
[    3.027982] NetLabel:  unlabeled traffic allowed by default
[    3.029619] amd_nb: Cannot enumerate AMD northbridges
[    3.045376] clocksource: Switched to clocksource kvm-clock
[    3.090608] AppArmor: AppArmor Filesystem Enabled
[    3.101599] pnp: PnP ACPI init
[    3.104041] pnp: PnP ACPI: found 3 devices
[    3.113604] PnPBIOS: Disabled by ACPI PNP
[    3.161154] clocksource: acpi_pm: mask: 0xffffff max_cycles: 0xffffff, max_idle_ns: 2085701024 ns
[    3.173632] NET: Registered protocol family 2
[    3.178762] TCP established hash table entries: 8192 (order: 3, 32768 bytes)
[    3.204582] TCP bind hash table entries: 8192 (order: 4, 65536 bytes)
[    3.206126] TCP: Hash tables configured (established 8192 bind 8192)
[    3.210708] UDP hash table entries: 512 (order: 2, 16384 bytes)
[    3.212433] UDP-Lite hash table entries: 512 (order: 2, 16384 bytes)
[    3.214140] NET: Registered protocol family 1
[    3.224578] pci 0000:00:00.0: Limiting direct PCI/PCI transfers
[    3.226595] pci 0000:00:01.0: Activating ISA DMA hang workarounds
[    3.228472] Unpacking initramfs...
[    3.645873] Freeing initrd memory: 14636K (f635a000 - f71a5000)
[    3.718634] RAPL PMU detected, API unit is 2^-32 Joules, 4 fixed counters 10737418240 ms ovfl timer
[    3.739125] hw unit of domain pp0-core 2^-0 Joules
[    3.758274] hw unit of domain package 2^-0 Joules
[    3.767637] hw unit of domain dram 2^-0 Joules
[    3.771734] hw unit of domain pp1-gpu 2^-0 Joules
[    3.772786] platform rtc_cmos: registered platform RTC device (no PNP device found)
[    3.774579] Scanning for low memory corruption every 60 seconds
[    3.780535] audit: initializing netlink subsys (disabled)
[    3.789625] audit: type=2000 audit(1494201398.334:1): initialized
[    3.799306] Initialise system trusted keyring
[    3.802943] HugeTLB registered 2 MB page size, pre-allocated 0 pages
[    3.811809] zbud: loaded
[    3.887940] VFS: Disk quotas dquot_6.6.0
[    3.891418] VFS: Dquot-cache hash table entries: 1024 (order 0, 4096 bytes)
[    3.916594] squashfs: version 4.0 (2009/01/31) Phillip Lougher
[    3.924865] fuse init (API version 7.23)
[    3.946378] Key type big_key registered
[    3.967211] Allocating IMA MOK and blacklist keyrings.
[    4.004614] Key type asymmetric registered
[    4.011704] Asymmetric key parser 'x509' registered
[    4.013022] bounce: pool size: 64 pages
[    4.022486] Block layer SCSI generic (bsg) driver version 0.4 loaded (major 249)
[    4.040429] io scheduler noop registered
[    4.067336] io scheduler deadline registered (default)
[    4.117995] io scheduler cfq registered
[    4.119243] pci_hotplug: PCI Hot Plug PCI Core version: 0.5
[    4.120661] pciehp: PCI Express Hot Plug Controller Driver version: 0.4
[    4.133319] ACPI: AC Adapter [AC] (on-line)
[    4.140439] input: Power Button as /devices/LNXSYSTM:00/LNXPWRBN:00/input/input0
[    4.163489] ACPI: Power Button [PWRF]
[    4.169016] input: Sleep Button as /devices/LNXSYSTM:00/LNXSLPBN:00/input/input1
[    4.181328] ACPI: Sleep Button [SLPF]
[    4.193638] GHES: HEST is not enabled!
[    4.194583] ACPI: Battery Slot [BAT0] (battery present)
[    4.244795] isapnp: Scanning for PnP cards...
[    4.264132] Serial: 8250/16550 driver, 32 ports, IRQ sharing enabled
[    4.319241] 00:02: ttyS0 at I/O 0x3f8 (irq = 4, base_baud = 115200) is a 16550A
[    4.375408] Linux agpgart interface v0.103
[    4.391927] loop: module loaded
[    4.398950] scsi host0: ata_piix
[    4.410097] scsi host1: ata_piix
[    4.417303] ata1: PATA max UDMA/33 cmd 0x1f0 ctl 0x3f6 bmdma 0xd000 irq 14
[    4.418828] ata2: PATA max UDMA/33 cmd 0x170 ctl 0x376 bmdma 0xd008 irq 15
[    4.423983] libphy: Fixed MDIO Bus: probed
[    4.433528] tun: Universal TUN/TAP device driver, 1.6
[    4.483159] tun: (C) 1999-2004 Max Krasnyansky <maxk@qualcomm.com>
[    4.499644] PPP generic driver version 2.4.2
[    4.500749] ehci_hcd: USB 2.0 'Enhanced' Host Controller (EHCI) Driver
[    4.508685] ehci-pci: EHCI PCI platform driver
[    4.509930] ehci-platform: EHCI generic platform driver
[    4.511262] ohci_hcd: USB 1.1 'Open' Host Controller (OHCI) Driver
[    4.512766] ohci-pci: OHCI PCI platform driver
[    4.517909] ohci-platform: OHCI generic platform driver
[    4.522858] uhci_hcd: USB Universal Host Controller Interface driver
[    4.535813] i8042: PNP: PS/2 Controller [PNP0303:PS2K,PNP0f03:PS2M] at 0x60,0x64 irq 1,12
[    4.538675] serio: i8042 KBD port at 0x60,0x64 irq 1
[    4.553083] serio: i8042 AUX port at 0x60,0x64 irq 12
[    4.559295] mousedev: PS/2 mouse device common for all mice
[    4.561651] rtc_cmos rtc_cmos: rtc core: registered rtc_cmos as rtc0
[    4.583133] rtc_cmos rtc_cmos: alarms up to one day, 114 bytes nvram
[    4.605387] i2c /dev entries driver
[    4.607994] device-mapper: uevent: version 1.0.3
[    4.609301] input: AT Translated Set 2 keyboard as /devices/platform/i8042/serio0/input/input2
[    4.611930] device-mapper: ioctl: 4.34.0-ioctl (2015-10-28) initialised: dm-devel@redhat.com
[    4.630839] platform eisa.0: Probing EISA bus 0
[    4.634830] platform eisa.0: EISA: Cannot allocate resource for mainboard
[    4.637464] platform eisa.0: Cannot allocate resource for EISA slot 1
[    4.655121] isapnp: No Plug & Play device found
[    4.674989] platform eisa.0: Cannot allocate resource for EISA slot 2
[    4.676220] platform eisa.0: Cannot allocate resource for EISA slot 3
[    4.677424] platform eisa.0: Cannot allocate resource for EISA slot 4
[    4.678906] platform eisa.0: Cannot allocate resource for EISA slot 5
[    4.691173] platform eisa.0: Cannot allocate resource for EISA slot 6
[    4.692691] platform eisa.0: Cannot allocate resource for EISA slot 7
[    4.694250] platform eisa.0: Cannot allocate resource for EISA slot 8
[    4.702650] platform eisa.0: EISA: Detected 0 cards
[    4.712576] cpufreq-nforce2: No nForce2 chipset.
[    4.720876] ledtrig-cpu: registered to indicate activity on CPUs
[    4.731621] NET: Registered protocol family 10
[    4.733245] NET: Registered protocol family 17
[    4.759308] Key type dns_resolver registered
[    4.760764] microcode: CPU0 sig=0x40651, pf=0x40, revision=0x0
[    4.762452] microcode: CPU1 sig=0x40651, pf=0x40, revision=0x0
[    4.775104] tsc: Refined TSC clocksource calibration: 2395.523 MHz
[    4.784085] clocksource: tsc: mask: 0xffffffffffffffff max_cycles: 0x2287b268eaa, max_idle_ns: 440795305335 ns
[    4.786817] microcode: Microcode Update Driver: v2.01 <tigran@aivazian.fsnet.co.uk>, Peter Oruba
[    4.793176] Using IPI No-Shortcut mode
[    4.797494] registered taskstats version 1
[    4.806041] Loading compiled-in X.509 certificates
[    4.810979] Loaded X.509 cert 'Build time autogenerated kernel key: 07b96e98effcf92e436e5474864c4a8d42920bdd'
[    4.826646] zswap: loaded using pool lzo/zbud
[    4.833198] Key type trusted registered
[    4.847695] Key type encrypted registered
[    4.851834] AppArmor: AppArmor sha1 policy hashing enabled
[    4.874058] ima: No TPM chip found, activating TPM-bypass!
[    4.884561] evm: HMAC attrs: 0x1
[    4.890054]   Magic number: 1:850:958
[    4.892815] rtc_cmos rtc_cmos: setting system clock to 2017-05-07 23:56:35 UTC (1494201395)
[    4.899229] BIOS EDD facility v0.16 2004-Jun-25, 0 devices found
[    4.900688] EDD information not available.
[    4.912227] Freeing unused kernel memory: 940K (c1b99000 - c1c84000)
[    4.915889] Write protecting the kernel text: 7932k
[    4.917855] Write protecting the kernel read-only data: 3168k
[    4.923407] NX-protecting the kernel data: 6404k
Loading, please wait...
starting version[    4.949222] random: systemd-udevd: uninitialized urandom read (16 bytes read, 1 bits of entropy available)
 229
[    4.950134] random: udevadm: uninitialized urandom read (16 bytes read, 1 bits of entropy available)
[    4.950195] random: udevadm: uninitialized urandom read (16 bytes read, 1 bits of entropy available)
[    4.950422] random: udevadm: uninitialized urandom read (16 bytes read, 1 bits of entropy available)
[    4.950495] random: udevadm: uninitialized urandom read (16 bytes read, 1 bits of entropy available)
[    4.950560] random: udevadm: uninitialized urandom read (16 bytes read, 1 bits of entropy available)
[    4.950634] random: udevadm: uninitialized urandom read (16 bytes read, 1 bits of entropy available)
[    4.950705] random: udevadm: uninitialized urandom read (16 bytes read, 1 bits of entropy available)
[    4.950774] random: udevadm: uninitialized urandom read (16 bytes read, 1 bits of entropy available)
[    4.950889] random: udevadm: uninitialized urandom read (16 bytes read, 1 bits of entropy available)
[    5.114243] e1000: Intel(R) PRO/1000 Network Driver - version 7.3.21-k8-NAPI
[    5.116876] e1000: Copyright (c) 1999-2006 Intel Corporation.
[    5.125895] Fusion MPT base driver 3.04.20
[    5.140705] Copyright (c) 1999-2008 LSI Corporation
[    5.174106] Fusion MPT SPI Host driver 3.04.20
[    5.363558] input: ImExPS/2 Generic Explorer Mouse as /devices/platform/i8042/serio1/input/input4
[    5.704011] e1000 0000:00:03.0 eth0: (PCI:33MHz:32-bit) 02:fe:d5:87:c5:4f
[    5.714788] e1000 0000:00:03.0 eth0: Intel(R) PRO/1000 Network Connection
[    5.730744] e1000 0000:00:03.0 enp0s3: renamed from eth0
[    5.734168] mptbase: ioc0: Initiating bringup
[    5.805974] ioc0: LSI53C1030 A0: Capabilities={Initiator}
[    5.999550] scsi host2: ioc0: LSI53C1030 A0, FwRev=00000000h, Ports=1, MaxQ=256, IRQ=20
[    6.114219] scsi 2:0:0:0: Direct-Access     VBOX     HARDDISK         1.0  PQ: 0 ANSI: 5
[    6.118939] scsi target2:0:0: Beginning Domain Validation
[    6.128947] scsi target2:0:0: Domain Validation skipping write tests
[    6.137659] scsi target2:0:0: Ending Domain Validation
[    6.140925] scsi target2:0:0: asynchronous
[    6.151952] scsi 2:0:1:0: Direct-Access     VBOX     HARDDISK         1.0  PQ: 0 ANSI: 5
[    6.156094] scsi target2:0:1: Beginning Domain Validation
[    6.162252] scsi target2:0:1: Domain Validation skipping write tests
[    6.167267] scsi target2:0:1: Ending Domain Validation
[    6.171085] scsi target2:0:1: asynchronous
[    6.184957] sd 2:0:0:0: Attached scsi generic sg0 type 0
[    6.197311] sd 2:0:1:0: Attached scsi generic sg1 type 0
[    6.202074] sd 2:0:0:0: [sda] 20971520 512-byte logical blocks: (10.7 GB/10.0 GiB)
[    6.206677] sd 2:0:1:0: [sdb] 20480 512-byte logical blocks: (10.5 MB/10.0 MiB)
[    6.206889] sd 2:0:1:0: [sdb] Write Protect is off
[    6.207026] sd 2:0:1:0: [sdb] Incomplete mode parameter data
[    6.207028] sd 2:0:1:0: [sdb] Assuming drive cache: write through
[    6.214923] sd 2:0:1:0: [sdb] Attached SCSI disk
[    6.282042] sd 2:0:0:0: [sda] Write Protect is off
[    6.283503] sd 2:0:0:0: [sda] Incomplete mode parameter data
[    6.287524] sd 2:0:0:0: [sda] Assuming drive cache: write through
[    6.300719]  sda: sda1
[    6.304378] sd 2:0:0:0: [sda] Attached SCSI disk
[    8.229840] floppy0: no floppy controllers found
Begin: Loading essential drivers ... [    9.914380] md: linear personality registered for level -1
[    9.923760] md: multipath personality registered for level -4
[    9.939162] md: raid0 personality registered for level 0
[    9.973116] md: raid1 personality registered for level 1
[   10.069678] raid6: mmxx1    gen()  2187 MB/s
[   10.138388] raid6: mmxx2    gen()  2134 MB/s
[   10.217721] raid6: sse1x1   gen()  1640 MB/s
[   10.289797] raid6: sse1x2   gen()  2833 MB/s
[   10.381564] raid6: sse2x1   gen()  2866 MB/s
[   10.457420] raid6: sse2x1   xor()  3261 MB/s
[   10.525597] raid6: sse2x2   gen()  6384 MB/s
[   10.613856] raid6: sse2x2   xor()  4179 MB/s
[   10.621152] raid6: using algorithm sse2x2 gen() 6384 MB/s
[   10.634314] raid6: .... xor() 4179 MB/s, rmw enabled
[   10.675752] raid6: using ssse3x1 recovery algorithm
[   10.685229] xor: automatically using best checksumming function:
[   10.726327]    avx       : 11123.000 MB/sec
[   10.743894] async_tx: api initialized (async)
[   10.778404] md: raid6 personality registered for level 6
[   10.780453] md: raid5 personality registered for level 5
[   10.782504] md: raid4 personality registered for level 4
[   10.798411] md: raid10 personality registered for level 10
done.
Begin: Running /scripts/init-premount ... done.
Begin: Mounting root file system ... Begin: Running /scripts/local-top ... done.
Begin: Running /scripts/local-premount ... [   10.890947] Btrfs loaded
Scanning for Btrfs filesystems
done.
Warning: fsck no[   10.979395] EXT4-fs (sda1): INFO: recovery required on readonly filesystem
t present, so sk[   10.999869] EXT4-fs (sda1): write access will be enabled during recovery
ipping root file system
[   11.138390] EXT4-fs (sda1): orphan cleanup on readonly fs
[   11.145973] EXT4-fs (sda1): 5 orphan inodes deleted
[   11.148457] EXT4-fs (sda1): recovery complete
[   11.153734] EXT4-fs (sda1): mounted filesystem with ordered data mode. Opts: (null)
done.
Begin: Running /scripts/local-bottom ... done.
Begin: Running /scripts/init-bottom ... done.
[   11.314315] systemd[1]: systemd 229 running in system mode. (+PAM +AUDIT +SELINUX +IMA +APPARMOR +SMACK +SYSVINIT +UTMP +LIBCRYPTSETUP +GCRYPT +GNUTLS +ACL +XZ -LZ4 +SECCOMP +BLKID +ELFUTILS +KMOD -IDN)
[   11.334650] systemd[1]: Detected virtualization oracle.
[   11.339783] systemd[1]: Detected architecture x86.

Welcome to [1mUbuntu 16.04.2 LTS[0m!

[   11.349318] systemd[1]: Set hostname to <ubuntu-xenial>.
[   11.562514] systemd[1]: Set up automount Arbitrary Executable File Formats File System Automount Point.
[[0;32m  OK  [0m] Set up automount Arbitrary Executab...ats File System Automount Point.
[   11.586062] systemd[1]: Listening on /dev/initctl Compatibility Named Pipe.
[[0;32m  OK  [0m] Listening on /dev/initctl Compatibility Named Pipe.
[   11.614113] systemd[1]: Listening on Journal Audit Socket.
[[0;32m  OK  [0m] Listening on Journal Audit Socket.
[   11.623443] systemd[1]: Listening on Journal Socket.
[[0;32m  OK  [0m] Listening on Journal Socket.
[   11.628001] systemd[1]: Created slice System Slice.
[[0;32m  OK  [0m] Created slice System Slice.
[   11.641763] systemd[1]: Starting Remount Root and Kernel File Systems...
         Starting Remount Root and Kernel File Systems...
[   11.662812] systemd[1]: Created slice system-serial\x2dgetty.slice.
[[0;32m  OK  [0m] Created slice sy[   11.666192] EXT4-fs (sda1): re-mounted. Opts: (null)
stem-serial\x2dgetty.slice.
[   11.670453] systemd[1]: Listening on Journal Socket (/dev/log).
[[0;32m  OK  [0m] Listening on Journal Socket (/dev/log).
[   11.679809] systemd[1]: Listening on LVM2 poll daemon socket.
[[0;32m  OK  [0m] Listening on LVM2 poll daemon socket.
[   11.746332] systemd[1]: Listening on udev Control Socket.
[[0;32m  OK  [0m] Listening on udev Control Socket.
[   11.769744] systemd[1]: Starting Create list of required static device nodes for the current kernel...
         Starting Create list of required st... nodes for the current kernel...
[   11.792535] systemd[1]: Mounting Debug File System...
         Mounting Debug File System...
[   11.818159] systemd[1]: Created slice system-postgresql.slice.
[[0;32m  OK  [0m] Created slice system-postgresql.slice.
[   11.831915] systemd[1]: Listening on Device-mapper event daemon FIFOs.
[[0;32m  OK  [0m] Listening on Device-mapper event daemon FIFOs.
[   11.840533] systemd[1]: Listening on Syslog Socket.
[[0;32m  OK  [0m] Listening on Syslog Socket.
[   11.865977] systemd[1]: Starting Journal Service...
         Starting Journal Service...
[   11.885001] systemd[1]: Starting Load Kernel Modules...
         Starting Load Kernel Modules...
[   11.905061] systemd[1]: Mounting Huge Pages File System...
         Mounting Huge Pages File System...
[   11.936622] systemd[1]: Starting Uncomplicated firewall...
         Starting Uncomplicated firewall...
[   11.959010] Loading iSCSI transport class v2.0-870.
[   11.963120] systemd[1]: Starting Nameserver information manager...
         Starting Nameserver information manager...
[   11.990647] systemd[1]: Mounting POSIX Message Queue File System...
         Mounting POSIX Message Queue File System...
[   12.004900] systemd[1]: Listening on LVM2 metadata daemon socket.
[[0;32m  OK  [0m] Listening on LVM2 metadata daemon socket.
[   12.036748] systemd[1]: Starting Monitoring of LVM2 mirrors, snapshots etc. using dmeventd or progress polling...
[   12.048231] iscsi: registered transport (tcp)
         Starting Monitoring of LVM2 mirrors... dmeventd or progress polling...
[   12.069345] systemd[1]: Reached target User and Group Name Lookups.
[[0;32m  OK  [0m] Reached target User and Group Name Lookups.
[   12.081380] systemd[1]: Created slice User and Session Slice.
[[0;32m  OK  [0m] Created slice User and Session Slice.
[   12.093903] systemd[1]: Reached target Slices.
[[0;32m  OK  [0m] Reached target Slices.
[   12.117944] systemd[1]: Starting Set console keymap...
         Starting Set console keymap...
[   12.122719] systemd[1]: Listening on udev Kernel Socket.
[[0;32m  OK  [0m] Listening on udev Kernel Socket.
[   12.125539] systemd[1]: Reached target Encrypted Volumes.
[   12.125949] iscsi: registered transport (iser)
[[0;32m  OK  [0m] Reached target Encrypted Volumes.
[   12.135592] systemd[1]: Started Forward Password Requests to Wall Directory Watch.
[[0;32m  OK  [0m] Started Forward Password Requests to Wall Directory Watch.
[   12.143545] random: nonblocking pool is initialized
[   12.163145] systemd[1]: Reached target Swap.
[[0;32m  OK  [0m] Reached target Swap.
[   12.194786] systemd[1]: Mounted Huge Pages File System.
[[0;32m  OK  [0m] Mounted Huge Pages File System.
[   12.225043] systemd[1]: Mounted POSIX Message Queue File System.
[[0;32m  OK  [0m] Mounted POSIX Message Queue File System.
[   12.234172] systemd[1]: Mounted Debug File System.
[[0;32m  OK  [0m] Mounted Debug File System.
[   12.243380] systemd[1]: Started Journal Service.
[[0;32m  OK  [0m] Started Journal Service.
[[0;32m  OK  [0m] Started Remount Root and Kernel File Systems.
[[0;32m  OK  [0m] Started Create list of required sta...ce nodes for the current kernel.
[[0;32m  OK  [0m] Started Load Kernel Modules.
[[0;32m  OK  [0m] Started Uncomplicated firewall.
[[0;32m  OK  [0m] Started Set console keymap.
[[0;32m  OK  [0m] Started Nameserver information manager.
[[0;32m  OK  [0m] Started LVM2 metadata daemon.
         Starting Apply Kernel Variables...
         Mounting FUSE Control File System...
         Starting Create Static Device Nodes in /dev...
         Starting Load/Save Random Seed...
         Starting udev Coldplug all Devices...
         Starting Initial cloud-init job (pre-networking)...
         Starting Flush Journal to Persistent Storage...
[[0;32m  OK  [0m] Mounted FUSE Control File System.
[[0;32m  OK  [0m] Started Apply Kernel Variables.
[[0;32m  OK  [0m] Started Create Static Device Nodes in /dev.
[[0;32m  OK  [0m] Started Load/Save Random Seed.
[[0;32m  OK  [0m] Started udev Coldplug all Devices.
[[0;32m  OK  [0m] Started Flush Journal to Persistent Storage.
         Starting udev Kernel Device Manager...
[[0;32m  OK  [0m] Started udev Kernel Device Manager.
[[0;32m  OK  [0m] Started Dispatch Password Requests to Console Directory Watch.
[[0;32m  OK  [0m] Started Monitoring of LVM2 mirrors,...ng dmeventd or progress polling.
[[0;32m  OK  [0m] Reached target Local File Systems (Pre).
[[0;32m  OK  [0m] Reached target Local File Systems.
         Starting Create Volatile Files and Directories...
         Starting Enable support for additional executable binary formats...
         Starting Set console font and keymap...
         Starting Tell Plymouth To Write Out Runtime Data...
         Starting LSB: AppArmor initialization...
[[0;32m  OK  [0m] Started Create Volatile Files and Directories.
[[0;32m  OK  [0m] Started Tell Plymouth To Write Out Runtime Data.
         Mounting Arbitrary Executable File Formats File System...
         Starting Update UTMP about System Boot/Shutdown...
[[0;32m  OK  [0m] Reached target System Time Synchronized.
[[0;32m  OK  [0m] Mounted Arbitrary Executable File Formats File System.
[[0;32m  OK  [0m] Started LSB: AppArmor initialization.
[[0;32m  OK  [0m] Started Enable support for additional executable binary formats.
[[0;32m  OK  [0m] Started Update UTMP about System Boot/Shutdown.
[[0;32m  OK  [0m] Found device /dev/ttyS0.
[[0;32m  OK  [0m] Started Set console font and keymap.
[[0;32m  OK  [0m] Created slice system-getty.slice.
[[0;32m  OK  [0m] Found device 82540EM Gigabit Ethern...r (PRO/1000 MT Desktop Adapter).
[[0;32m  OK  [0m] Listening on Load/Save RF Kill Switch Status /dev/rfkill Watch.
[   12.729155] cloud-init[456]: Cloud-init v. 0.7.9 running 'init-local' at Sun, 07 May 2017 23:56:45 +0000. Up 12.03 seconds.
[[0;32m  OK  [0m] Started Initial cloud-init job (pre-networking).
[[0;32m  OK  [0m] Reached target Network (Pre).
[[0;32m  OK  [0m] Started ifup for enp0s3.
         Starting Raise network interfaces...
[[0;32m  OK  [0m] Started Raise network interfaces.
[[0;32m  OK  [0m] Reached target Network.
         Starting Initial cloud-init job (metadata service crawler)...
[   15.787934] cloud-init[969]: Cloud-init v. 0.7.9 running 'init' at Sun, 07 May 2017 23:56:48 +0000. Up 15.11 seconds.
[   15.832965] cloud-init[969]: ci-info: +++++++++++++++++++++++++++++++++++++Net device info++++++++++++++++++++++++++++++++++++++
[   15.857094] cloud-init[969]: ci-info: +--------+------+----------------------------+---------------+-------+-------------------+
[   15.867782] cloud-init[969]: ci-info: | Device |  Up  |          Address           |      Mask     | Scope |     Hw-Address    |
[[0;32m  OK  [0m] Started Initial cloud-init job (metadata service crawler).
[   15.931225] [[0;32m  OK  [0m] Reached target Cloud-config availability.
cloud-init[969]: ci-info: +--------+------+----------------------------+---------------+-------+-------------------+
[[0;32m  OK  [0m] Reached target Network is Online.
[   16.012306] cloud-init[969]: ci-info: |   lo   | True |         127.0.0.1          |   255.0.0.0   |   .   |         .         |
         Starting iSCSI initiator daemon (iscsid)...
[   16.080897] [cloud-init[0;32m  OK  [0m[969]: ] ci-info: |   lo   | True |          ::1/128           |       .       |  host |         .         |Reached target System Initialization.

[   16.144657] cloud-init[969]: ci-info: | enp0s3 | True |         10.0.2.15          | 255.255.255.0 |   .   | 02:fe:d5:87:c5:4f |
[[0;32m  OK  [0m] Listening on UUID daemon activation socket.
[   16.145557] [cloud-init[0;32m  OK  [0m] [969]: Started Daily Cleanup of Temporary Directories.ci-info: | enp0s3 | True | fe80::fe:d5ff:fe87:c54f/64 |       .       |  link | 02:fe:d5:87:c5:4f |

[   16.281727]          Starting LXD - unix socket.
cloud-init[969]: ci-info: +--------+------+----------------------------+---------------+-------+-------------------+
[   16.300450] cloud-init[969]: ci-info: +++++++++++++++++++++++++++Route IPv4 info++++++++++++++++++++++++++++
[   16.306762] [cloud-init[0;32m  OK  [0m[969]: ] ci-info: +-------+-------------+----------+---------------+-----------+-------+Started Daily apt activities.

         Starting Socket activation for snappy daemon.
[   16.319631] cloud-init[969]: ci-info: | Route | Destination | Gateway  |    Genmask    | Interface | Flags |
[   16.336696] [cloud-init[0;32m  OK  [0m[969]: ] ci-info: +-------+-------------+----------+---------------+-----------+-------+Started ACPI Events Check.

[   16.337199] [cloud-init[0;32m  OK  [0m[969]: ] ci-info: |   0   |   0.0.0.0   | 10.0.2.2 |    0.0.0.0    |   enp0s3  |   UG  |Listening on ACPID Listen Socket.

[[0;32m  OK  [0m] Started Timer to automatically refresh installed snaps.
[[0;32m  OK  [0m] Reached target Timers.
[   16.353656] cloud-init[969]: ci-info: |   1   |   10.0.2.0  | 0.0.0.0  | 255.255.255.0 |   enp0s3  |   U   |
[   16.504596] [cloud-init[0;32m  OK  [0m[969]: ] ci-info: +-------+-------------+----------+---------------+-----------+-------+Started Trigger resolvconf update for networkd DNS.

[[0;32m  OK  [0m] Reached target Paths.
[[0;32m  OK  [0m] Listening on D-Bus System Message Bus Socket.
[[0;32m  OK  [0m] Listening on LXD - unix socket.
[[0;32m  OK  [0m] Listening on Socket activation for snappy daemon.
[[0;32m  OK  [0m] Started iSCSI initiator daemon (iscsid).
         Starting Login to default iSCSI targets...
[[0;32m  OK  [0m] Reached target Sockets.
[[0;32m  OK  [0m] Reached target Basic System.
         Starting Apply the settings specified in cloud-config...
         Starting MySQL Community Server...
         Starting /etc/rc.local Compatibility...
         Starting Daily apt activities...
         Starting Accounts Service...
         Starting PostgreSQL Cluster 9.5-main...
[[0;32m  OK  [0m] Started Deferred execution scheduler.
[[0;32m  OK  [0m] Started ACPI event daemon.
         Starting LSB: MD monitoring daemon...
[[0;32m  OK  [0m] Started D-Bus System Message Bus.
[[0;32m  OK  [0m] Started Regular background program processing daemon.
         Starting System Logging Service...
         Starting OpenBSD Secure Shell server...
         Starting LSB: Record successful boot for GRUB...
[[0;32m  OK  [0m] Started FUSE filesystem for LXC.
         Starting LXD - container startup/shutdown...
[[0;32m  OK  [0m] Started Snappy daemon.
         Starting Login Service...
         Starting Auto import assertions from block devices...
[[0;32m  OK  [0m] Started System Logging Service.
[[0;32m  OK  [0m] Started OpenBSD Secure Shell server.
[[0;32m  OK  [0m] Started /etc/rc.local Compatibility.
[[0;32m  OK  [0m] Started Auto import assertions from block devices.
[[0;32m  OK  [0m] Started LXD - container startup/shutdown.
[[0;32m  OK  [0m] Started Login to default iSCSI targets.
[[0;32m  OK  [0m] Started LSB: MD monitoring daemon.
[[0;32m  OK  [0m] Started LSB: Record successful boot for GRUB.
         Starting Authenticate and Authorize Users to Run Privileged Tasks...
[[0;32m  OK  [0m] Reached target Remote File Systems (Pre).
[[0;32m  OK  [0m] Reached target Remote File Systems.
         Starting Permit User Sessions...
         Starting LSB: Start/stop sysstat's sadc...
         Starting LSB: Set the CPU Frequency Scaling governor to "ondemand"...
         Starting LSB: automatic crash report generation...
         Starting LSB: VirtualBox Linux Additions...
         Starting LSB: daemon to balance interrupts for SMP systems...
[[0;32m  OK  [0m] Started Permit User Sessions.
[[0;32m  OK  [0m] Started Login Service.
[[0;32m  OK  [0m] Started Authenticate and Authorize Users to Run Privileged Tasks.
[[0;32m  OK  [0m] Started Accounts Service.
[[0;32m  OK  [0m] Started LSB: Start/stop sysstat's sadc.
[[0;32m  OK  [0m] Started LSB: Set the CPU Frequency Scaling governor to "ondemand".
         Starting Hold until boot process finishes up...
         Starting Terminate Plymouth Boot Screen...
[[0;32m  OK  [0m] Started LSB: automatic crash report generation.
[[0;32m  OK  [0m] Started LSB: daemon to balance interrupts for SMP systems.
[[0;32m  OK  [0m] Started Hold until boot process finishes up.
[[0;32m  OK  [0m] Started Terminate Plymouth Boot Screen.
[[0;32m  OK  [0m] Started LSB: VirtualBox Linux Additions.
         Starting Set console scheme...
[[0;32m  OK  [0m] Started Getty on tty1.
[[0;32m  OK  [0m] Started Serial Getty on ttyS0.
[   19.228539] cloud-init[1029]: Cloud-init v. 0.7.9 running 'modules:config' at Sun, 07 May 2017 23:56:51 +0000. Up 18.87 seconds.
[[0;32m  OK  [0m] Reached target Login Prompts.
[[0;32m  OK  [0m] Started Set console scheme.
[[0;32m  OK  [0m] Started Apply the settings specified in cloud-config.
[[0;32m  OK  [0m] Started MySQL Community Server.
[[0;32m  OK  [0m] Started PostgreSQL Cluster 9.5-main.
         Starting PostgreSQL RDBMS...
[[0;32m  OK  [0m] Started PostgreSQL RDBMS.
[[0;32m  OK  [0m] Reached target Multi-User System.
         Starting Execute cloud user/final scripts...
[[0;32m  OK  [0m] Reached target Graphical Interface.
         Starting Update UTMP about System Runlevel Changes...
[[0;32m  OK  [0m] Started Update UTMP about System Runlevel Changes.
[   21.732407] cloud-init[1467]: Cloud-init v. 0.7.9 running 'modules:final' at Sun, 07 May 2017 23:56:54 +0000. Up 21.58 seconds.
[   21.772931] cloud-init[1467]: Cloud-init v. 0.7.9 finished at Sun, 07 May 2017 23:56:54 +0000. Datasource DataSourceNoCloud [seed=/dev/sdb][dsmode=net].  Up 21.72 seconds
[[0;32m  OK  [0m] Started Execute cloud user/final scripts.
[[0;32m  OK  [0m] Reached target Cloud-init target.

Ubuntu 16.04.2 LTS ubuntu-xenial ttyS0

ubuntu-xenial login: 